19:39:49 **** Auto Build of configuration Debug for project SmartWateringSystemSoftware ****
make pre-build main-build 
a9-linaro-pre-build-step
 
Building file: ../src/main.c
Invoking: ARM v7 gcc compiler
arm-none-eabi-gcc -Wall -O0 -g3 -c -fmessage-length=0 -MT"src/main.o" -mcpu=cortex-a9 -mfpu=vfpv3 -mfloat-abi=hard -I../../SmartWateringSystemSoftware_bsp/ps7_cortexa9_0/include -MMD -MP -MF"src/main.d" -MT"src/main.o" -o "src/main.o" "../src/main.c"
In file included from ../src/main.c:3:0:
../../SmartWateringSystemSoftware_bsp/ps7_cortexa9_0/include/xbasic_types.h:115:2: warning: #warning The xbasics_type.h file is deprecated and users should use xil_types.h and xil_assert. [-Wcpp]
 #warning  The xbasics_type.h file is deprecated and users should use xil_types.h and xil_assert.
  ^~~~~~~
../../SmartWateringSystemSoftware_bsp/ps7_cortexa9_0/include/xbasic_types.h:116:2: warning: #warning Please refer the Standalone BSP UG647 for further details [-Wcpp]
 #warning  Please refer the Standalone BSP UG647 for further details
  ^~~~~~~
../src/main.c: In function 'main':
../src/main.c:8:6: warning: unused variable 'system_out' [-Wunused-variable]
  u32 system_out;
      ^~~~~~~~~~
Finished building: ../src/main.c
 
Building target: SmartWateringSystemSoftware.elf
Invoking: ARM v7 gcc linker
arm-none-eabi-gcc -mcpu=cortex-a9 -mfpu=vfpv3 -mfloat-abi=hard -Wl,-build-id=none -specs=Xilinx.spec -Wl,-T -Wl,../src/lscript.ld -L../../SmartWateringSystemSoftware_bsp/ps7_cortexa9_0/lib -o "SmartWateringSystemSoftware.elf"  ./src/main.o   -Wl,--start-group,-lxil,-lgcc,-lc,--end-group
Finished building target: SmartWateringSystemSoftware.elf
 
Invoking: ARM v7 Print Size
arm-none-eabi-size SmartWateringSystemSoftware.elf  |tee "SmartWateringSystemSoftware.elf.size"
   text	   data	    bss	    dec	    hex	filename
  73140	   2580	  23328	  99048	  182e8	SmartWateringSystemSoftware.elf
Finished building: SmartWateringSystemSoftware.elf.size
 

19:39:50 Build Finished (took 1s.258ms)

